<html>
<body>
<pre>
<h1>µVision Build Log</h1>
<h2>Tool Versions:</h2>
IDE-Version: ¦ÌVision V5.16.0.0
Copyright (C) 2015 ARM Ltd and ARM Germany GmbH. All rights reserved.
License Information: feng wang, hrbeu, LIC=NHY30-BP71L-RDSK3-AFTSY-ZEPBN-1LHAL
 
Tool Versions:
Toolchain:       MDK-ARM Professional  Version: 5.16.0.0
Toolchain Path:  C:\Keil_v5\ARM\ARMCC\Bin
C Compiler:      Armcc.exe V5.06 (build 20)
Assembler:       Armasm.exe V5.06 (build 20)
Linker/Locator:  ArmLink.exe V5.06 (build 20)
Library Manager: ArmAr.exe V5.06 (build 20)
Hex Converter:   FromElf.exe V5.06 (build 20)
CPU DLL:         SARMCM3.DLL V5.16.0.0
Dialog DLL:      DARMCM1.DLL V1.12.0.0
Target DLL:      STLink\ST-LINKIII-KEIL_SWO.dll V2.0.17.0
Dialog DLL:      TARMCM1.DLL V1.9.0.0
 
<h2>Project:</h2>
F:\work\ZXJ\DiCiChuanGanQi\MDK-ARM\DiCiChuanGanQi.uvprojx
Project File Date:  04/20/2021

<h2>Output:</h2>
*** Using Compiler 'V5.06 (build 20)', folder: 'C:\Keil_v5\ARM\ARMCC\Bin'
Build target 'DiCiChuanGanQi'
compiling gpio.c...
compiling dma.c...
compiling main.c...
compiling iwdg.c...
compiling usart.c...
compiling spi.c...
compiling stm32f0xx_hal_msp.c...
compiling stm32f0xx_it.c...
compiling stm32f0xx_hal_iwdg.c...
compiling stm32f0xx_hal.c...
compiling stm32f0xx_hal_rcc_ex.c...
compiling stm32f0xx_hal_rcc.c...
compiling stm32f0xx_hal_i2c_ex.c...
compiling stm32f0xx_hal_gpio.c...
compiling stm32f0xx_hal_i2c.c...
compiling stm32f0xx_hal_dma.c...
compiling stm32f0xx_hal_cortex.c...
compiling stm32f0xx_hal_pwr.c...
compiling stm32f0xx_hal_pwr_ex.c...
compiling stm32f0xx_hal_flash.c...
compiling stm32f0xx_hal_flash_ex.c...
compiling stm32f0xx_hal_exti.c...
compiling stm32f0xx_hal_spi.c...
compiling stm32f0xx_hal_spi_ex.c...
compiling stm32f0xx_hal_tim.c...
compiling stm32f0xx_hal_tim_ex.c...
compiling stm32f0xx_hal_uart.c...
compiling stm32f0xx_hal_uart_ex.c...
compiling system_stm32f0xx.c...
compiling ADS131M06.c...
..\vsDCCGQ\ADS131M06.c(13): warning:  #177-D: variable "reg03" was declared but never referenced
  	uint16_t reg03;
..\vsDCCGQ\ADS131M06.c(33): warning:  #177-D: variable "i" was declared but never referenced
  	uint32_t i;
..\vsDCCGQ\ADS131M06.c(54): warning:  #177-D: variable "i" was declared but never referenced
  	uint32_t i;
..\vsDCCGQ\ADS131M06.c(55): warning:  #177-D: variable "cmd" was declared but never referenced
  	uint16_t cmd;
..\vsDCCGQ\ADS131M06.c: 4 warnings, 0 errors
linking...
Program Size: Code=9244 RO-data=248 RW-data=32 ZI-data=1416  
FromELF: creating hex file...
"DiCiChuanGanQi\DiCiChuanGanQi.axf" - 0 Error(s), 4 Warning(s).

<h2>Software Packages used:</h2>

Package Vendor: ARM
                http://www.keil.com/pack/ARM.CMSIS.4.3.0.pack
                ARM::CMSIS:CORE:4.1.0
                CMSIS (Cortex Microcontroller Software Interface Standard)
   * Component: CORE Version: 4.1.0

<h2>Collection of Component include folders:</h2>
  F:\work\ZXJ\DiCiChuanGanQi\MDK-ARM\RTE
  d:\Keil_v5\ARM\PACK\ARM\CMSIS\4.3.0\CMSIS\Include

<h2>Collection of Component Files used:</h2>

   * Component: ARM::CMSIS:CORE:4.1.0
Build Time Elapsed:  00:00:23
</pre>
</body>
</html>
