HI-TECH Software C Compiler 

Linker command line:

--edf=C:\Program Files (x86)\HI-TECH Software\PICC\9.71a\dat\en_msgs.txt \
  -cs -h+kkgxwjkz.sym -z -Q16F886 -ol.obj -Mkkgxwjkz.map -E1 \
  -ACONST=00h-0FFhx32 -ACODE=00h-07FFhx4 -ASTRCODE=00h-01FFFh \
  -AENTRY=00h-0FFhx32 -ASTRING=00h-0FFhx32 -ABANK0=020h-06Fh \
  -ABANK1=0A0h-0EFh -ABANK2=0110h-016Fh -ABANK3=0190h-01EFh \
  -ARAM=020h-06Fh,0A0h-0EFh,0110h-016Fh,0190h-01EFh \
  -AABS1=020h-07Fh,0A0h-0EFh,0110h-016Fh,0190h-01EFh -ACOMMON=070h-07Fh \
  -ASFR0=00h-01Fh -ASFR1=080h-09Fh -ASFR2=0100h-010Fh -ASFR3=0180h-018Fh \
  -preset_vec=00h,intentry=04h,init,end_init -ppowerup=CODE -pfunctab=CODE \
  -ACONFIG=02007h-02008h -pconfig=CONFIG -DCONFIG=2 -AIDLOC=02000h-02003h \
  -pidloc=IDLOC -DIDLOC=2 -AEEDATA=00h-0FFh/02100h -peeprom_data=EEDATA \
  -DEEDATA=2 -DCODE=2 -DSTRCODE=2 -DSTRING=2 -DCONST=2 -DENTRY=2 -k \
  C:\Users\ADMINI~1\AppData\Local\Temp\s5ug.obj kkgxwjkz.obj 

Object code version is 3.10

Machine type is 16F886



                Name                               Link     Load   Length Selector   Space Scale
C:\Users\ADMINI~1\AppData\Local\Temp\s5ug.obj
                end_init                             10       10        3        8       0
                reset_vec                             0        0        3        0       0
kkgxwjkz.obj    intentry                              4        4        C        8       0
                config                             2007     2007        1     400E       0
                text133                              27       27       44       4E       0
                text131                              AB       AB       1B       4E       0
                text130                              6B       6B       40       4E       0
                maintext                             C6       C6        C       4E       0
                cstackBANK0                          22       22        2       20       1
                cstackCOMMON                         70       70        8       70       1
                bssBANK0                             20       20        2       20       1
                cinit                                D2       D2        6       4E       0
                strings                              13       13       14       26       0

TOTAL           Name                               Link     Load   Length     Space
        CLASS   CONST          

        CLASS   CODE           
                end_init                             10       10        3         0
                intentry                              4        4        C         0
                reset_vec                             0        0        3         0
                text133                              27       27       44         0
                text131                              AB       AB       1B         0
                text130                              6B       6B       40         0
                maintext                             C6       C6        C         0
                cinit                                D2       D2        6         0

        CLASS   STRCODE        

        CLASS   ENTRY          

        CLASS   STRING         
                strings                              13       13       14         0

        CLASS   BANK0          
                cstackBANK0                          22       22        2         1
                bssBANK0                             20       20        2         1

        CLASS   BANK1          

        CLASS   BANK2          

        CLASS   BANK3          

        CLASS   RAM            

        CLASS   ABS1           
                abs_s1                               7E       7E        2         1

        CLASS   COMMON         
                cstackCOMMON                         70       70        8         1

        CLASS   SFR0           

        CLASS   SFR1           

        CLASS   SFR2           

        CLASS   SFR3           

        CLASS   CONFIG         
                config                             2007     2007        1         0

        CLASS   IDLOC          

        CLASS   EEDATA         



SEGMENTS        Name                           Load    Length   Top    Selector   Space  Class     Delta

                reset_vec                      000000  000003  000003         0       0  CODE        2
                intentry                       000004  00000F  000013         8       0  CODE        2
                bssBANK0                       000020  000004  000024        20       1  BANK0       1
                strings                        000013  000014  000027        26       0  STRING      2
                text133                        000027  0000B1  0000D8        4E       0  CODE        2
                cstackCOMMON                   000070  000008  000078        70       1  COMMON      1
                config                         002007  000001  002008      400E       0  CONFIG      2


UNUSED ADDRESS RANGES

        Name                Unused          Largest block    Delta
        BANK0            0024-006F             4C           1
        BANK1            00A0-00EF             50           1
        BANK2            0110-016F             60           1
        BANK3            0190-01EF             60           1
        CODE             0003-0003              1           2
                         00D8-1FFF            800
        COMMON           0078-007D              6           1
        CONFIG           2008-2008              1           2
        CONST            0003-0003              1           2
                         00D8-1FFF            100
        EEDATA           2100-21FF            100           2
        ENTRY            0003-0003              1           2
                         00D8-1FFF            100
        IDLOC            2000-2003              4           2
        RAM              0024-006F             4C           1
                         00A0-00EF             50
                         0110-016F             60
                         0190-01EF             60
        SFR0             0000-001F             20           1
        SFR1             0080-009F             20           1
        SFR2             0100-010F             10           1
        SFR3             0180-018F             10           1
        STRCODE          0003-0003              1           2
                         00D8-1FFF           1F28
        STRING           0003-0003              1           2
                         00D8-1FFF            100

                                  Symbol Table

??_InitMCU            cstackCOMMON 0076
??_InitSystem         cstackCOMMON 0076
??_KeyProc            cstackCOMMON 0076
??_lowISR             cstackCOMMON 0070
??_main               cstackCOMMON 0078
?_InitMCU             cstackCOMMON 0070
?_InitSystem          cstackCOMMON 0070
?_KeyProc             cstackCOMMON 0070
?_lowISR              cstackCOMMON 0070
?_main                cstackCOMMON 0070
KeyProc@key           cstackBANK0  0023
KeyProc@x             cstackBANK0  0022
_ANSEL                (abs)        0188
_ANSELH               (abs)        0189
_GIE                  (abs)        005F
_IOCB                 (abs)        0096
_InitMCU              text131      00AC
_InitSystem           text131      00AB
_KeyProc              text130      006B
_OPTION               (abs)        0081
_PEIE                 (abs)        005E
_PORTB                (abs)        0006
_RBIE                 (abs)        005B
_RBIF                 (abs)        0058
_RC1                  (abs)        0039
_T1CON                (abs)        0010
_TMR1H                (abs)        000F
_TMR1IE               (abs)        0460
_TMR1IF               (abs)        0060
_TMR1L                (abs)        000E
_TMR1ON               (abs)        0080
_TRISB                (abs)        0086
_TRISC1               (abs)        0439
_WORKTIME             strings      0019
_WorkIndex            bssBANK0     0020
__Habs1               abs1         0000
__Hbank0              bank0        0000
__Hbank1              bank1        0000
__Hbank2              bank2        0000
__Hbank3              bank3        0000
__HbssBANK0           bssBANK0     0000
__Hcinit              cinit        0000
__Hclrtext            clrtext      0000
__Hcode               code         0000
__Hcommon             common       0000
__Hconfig             config       2008
__HcstackBANK0        cstackBANK0  0000
__HcstackCOMMON       cstackCOMMON 0000
__Heeprom_data        eeprom_data  0000
__Hend_init           end_init     0013
__Hfunctab            functab      0000
__Hidloc              idloc        0000
__Hinit               init         0010
__Hintentry           intentry     0010
__Hmaintext           maintext     0000
__Hpa_nodes           pa_nodes     0000
__Hpowerup            powerup      0000
__Hram                ram          0000
__Hreset_vec          reset_vec    0003
__Hsfr0               sfr0         0000
__Hsfr1               sfr1         0000
__Hsfr2               sfr2         0000
__Hsfr3               sfr3         0000
__Hstrings            strings      0000
__Htext               text         0000
__Labs1               abs1         0000
__Lbank0              bank0        0000
__Lbank1              bank1        0000
__Lbank2              bank2        0000
__Lbank3              bank3        0000
__LbssBANK0           bssBANK0     0000
__Lcinit              cinit        0000
__Lclrtext            clrtext      0000
__Lcode               code         0000
__Lcommon             common       0000
__Lconfig             config       2007
__LcstackBANK0        cstackBANK0  0000
__LcstackCOMMON       cstackCOMMON 0000
__Leeprom_data        eeprom_data  0000
__Lend_init           end_init     0010
__Lfunctab            functab      0000
__Lidloc              idloc        0000
__Linit               init         0010
__Lintentry           intentry     0004
__Lmaintext           maintext     0000
__Lpa_nodes           pa_nodes     0000
__Lpowerup            powerup      0000
__Lram                ram          0000
__Lreset_vec          reset_vec    0000
__Lsfr0               sfr0         0000
__Lsfr1               sfr1         0000
__Lsfr2               sfr2         0000
__Lsfr3               sfr3         0000
__Lstrings            strings      0000
__Ltext               text         0000
__S0                  (abs)        2008
__S1                  (abs)        0078
__S2                  (abs)        0000
__end_of_InitMCU      text131      00C6
__end_of_InitSystem   text131      00AC
__end_of_KeyProc      text130      00AB
__end_of_lowISR       text133      006B
__end_of_main         maintext     00D2
__pbssBANK0           bssBANK0     0020
__pcstackBANK0        cstackBANK0  0022
__pcstackCOMMON       cstackCOMMON 0070
__pintentry           intentry     0004
__pmaintext           maintext     00C6
__pstrings            strings      0013
__ptext130            text130      006B
__ptext131            text131      00AB
__ptext132            text131      00AC
__ptext133            text133      0027
__ptext134            text134      0000
__size_of_InitMCU     (abs)        0000
__size_of_InitSystem  (abs)        0000
__size_of_KeyProc     (abs)        0000
__size_of_lowISR      (abs)        0000
__size_of_main        (abs)        0000
_exit                 init         0010
_gFlags               bssBANK0     0021
_lowISR               text133      0027
_main                 maintext     00C6
btemp                 (abs)        007E
end_of_initialization cinit        00D4
i1l2858                                
i1l2864                                
i1l2866                                
i1l2874                                
i1l2880                                
i1l2882                                
interrupt_function    intentry     0004
intlevel0             functab      0000
intlevel1             functab      0000
intlevel2             functab      0000
intlevel3             functab      0000
intlevel4             functab      0000
intlevel5             functab      0000
l2770                                  
l2772                                  
l2774                                  
l2776                                  
l2778                                  
l2780                                  
l2782                                  
l2784                                  
l2786                                  
l2788                                  
l2816                                  
l2884                                  
l2886                                  
l2888                                  
l2894                                  
l2896                                  
l2914                                  
l2920                                  
l787                                   
l793                                   
reset_vec             reset_vec    0000
saved_w               (abs)        007E
start                 init         0010
start_initialization  cinit        00D2
wtemp0                (abs)        007E
